18:37:16 **** Incremental Build of configuration Debug for project denem7 ****
make -j16 all 
arm-none-eabi-gcc "../Core/Src/main.c" -mcpu=cortex-m4 -std=gnu11 -g3 -DDEBUG -DUSE_HAL_DRIVER -DSTM32F303xE -c -I../Core/Inc -I../Drivers/STM32F3xx_HAL_Driver/Inc -I../Drivers/STM32F3xx_HAL_Driver/Inc/Legacy -I../Drivers/CMSIS/Device/ST/STM32F3xx/Include -I../Drivers/CMSIS/Include -O0 -ffunction-sections -fdata-sections -Wall -fstack-usage -fcyclomatic-complexity -MMD -MP -MF"Core/Src/main.d" -MT"Core/Src/main.o" --specs=nano.specs -mfpu=fpv4-sp-d16 -mfloat-abi=hard -mthumb -o "Core/Src/main.o"
arm-none-eabi-gcc -o "denem7.elf" @"objects.list"   -mcpu=cortex-m4 -T"C:\Users\uemre\STM32CubeIDE\workspace_1.19.0\denem7\denem7\STM32F303ZETX_FLASH.ld" --specs=nosys.specs -Wl,-Map="denem7.map" -Wl,--gc-sections -static -u _printf_float --specs=nano.specs -mfpu=fpv4-sp-d16 -mfloat-abi=hard -mthumb -Wl,--start-group -lc -lm -Wl,--end-group
Finished building target: denem7.elf
 
arm-none-eabi-size  denem7.elf 
arm-none-eabi-objdump -h -S denem7.elf  > "denem7.list"
   text	   data	    bss	    dec	    hex	filename
  50628	    468	   3308	  54404	   d484	denem7.elf
Finished building: default.size.stdout
 
Finished building: denem7.list
 

18:37:19 Build Finished. 0 errors, 0 warnings. (took 2s.679ms)

